Archive member included to satisfy reference by file (symbol)

c:/users/spinkoh/.p2/pool/plugins/fr.ac6.mcu.externaltools.arm-none.win32_1.13.2.201703061525/tools/compiler/bin/../lib/gcc/arm-none-eabi/5.4.1/../../../../arm-none-eabi/lib/armv7e-m/fpu\libc_nano.a(lib_a-exit.o)
                              c:/users/spinkoh/.p2/pool/plugins/fr.ac6.mcu.externaltools.arm-none.win32_1.13.2.201703061525/tools/compiler/bin/../lib/gcc/arm-none-eabi/5.4.1/../../../../arm-none-eabi/lib/armv7e-m/fpu/crt0.o (exit)
c:/users/spinkoh/.p2/pool/plugins/fr.ac6.mcu.externaltools.arm-none.win32_1.13.2.201703061525/tools/compiler/bin/../lib/gcc/arm-none-eabi/5.4.1/../../../../arm-none-eabi/lib/armv7e-m/fpu\libc_nano.a(lib_a-impure.o)
                              c:/users/spinkoh/.p2/pool/plugins/fr.ac6.mcu.externaltools.arm-none.win32_1.13.2.201703061525/tools/compiler/bin/../lib/gcc/arm-none-eabi/5.4.1/../../../../arm-none-eabi/lib/armv7e-m/fpu\libc_nano.a(lib_a-exit.o) (_global_impure_ptr)
c:/users/spinkoh/.p2/pool/plugins/fr.ac6.mcu.externaltools.arm-none.win32_1.13.2.201703061525/tools/compiler/bin/../lib/gcc/arm-none-eabi/5.4.1/../../../../arm-none-eabi/lib/armv7e-m/fpu\libc_nano.a(lib_a-init.o)
                              c:/users/spinkoh/.p2/pool/plugins/fr.ac6.mcu.externaltools.arm-none.win32_1.13.2.201703061525/tools/compiler/bin/../lib/gcc/arm-none-eabi/5.4.1/../../../../arm-none-eabi/lib/armv7e-m/fpu/crt0.o (__libc_init_array)
c:/users/spinkoh/.p2/pool/plugins/fr.ac6.mcu.externaltools.arm-none.win32_1.13.2.201703061525/tools/compiler/bin/../lib/gcc/arm-none-eabi/5.4.1/../../../../arm-none-eabi/lib/armv7e-m/fpu\libc_nano.a(lib_a-memset.o)
                              c:/users/spinkoh/.p2/pool/plugins/fr.ac6.mcu.externaltools.arm-none.win32_1.13.2.201703061525/tools/compiler/bin/../lib/gcc/arm-none-eabi/5.4.1/../../../../arm-none-eabi/lib/armv7e-m/fpu/crt0.o (memset)
c:/users/spinkoh/.p2/pool/plugins/fr.ac6.mcu.externaltools.arm-none.win32_1.13.2.201703061525/tools/compiler/bin/../lib/gcc/arm-none-eabi/5.4.1/../../../../arm-none-eabi/lib/armv7e-m/fpu\libnosys.a(_exit.o)
                              c:/users/spinkoh/.p2/pool/plugins/fr.ac6.mcu.externaltools.arm-none.win32_1.13.2.201703061525/tools/compiler/bin/../lib/gcc/arm-none-eabi/5.4.1/../../../../arm-none-eabi/lib/armv7e-m/fpu\libc_nano.a(lib_a-exit.o) (_exit)

Allocating common symbols
Common symbol       size              file

uwTick              0x4               Drivers/STM32F4xx_HAL_Driver/Src/stm32f4xx_hal.o
pFlash              0x20              Drivers/STM32F4xx_HAL_Driver/Src/stm32f4xx_hal_flash.o
hspi1               0x58              Src/main.o
hdma_spi1_rx        0x60              Src/main.o

Discarded input sections

 .text          0x00000000        0x0 c:/users/spinkoh/.p2/pool/plugins/fr.ac6.mcu.externaltools.arm-none.win32_1.13.2.201703061525/tools/compiler/bin/../lib/gcc/arm-none-eabi/5.4.1/armv7e-m/fpu/crti.o
 .data          0x00000000        0x0 c:/users/spinkoh/.p2/pool/plugins/fr.ac6.mcu.externaltools.arm-none.win32_1.13.2.201703061525/tools/compiler/bin/../lib/gcc/arm-none-eabi/5.4.1/armv7e-m/fpu/crti.o
 .bss           0x00000000        0x0 c:/users/spinkoh/.p2/pool/plugins/fr.ac6.mcu.externaltools.arm-none.win32_1.13.2.201703061525/tools/compiler/bin/../lib/gcc/arm-none-eabi/5.4.1/armv7e-m/fpu/crti.o
 .data          0x00000000        0x4 c:/users/spinkoh/.p2/pool/plugins/fr.ac6.mcu.externaltools.arm-none.win32_1.13.2.201703061525/tools/compiler/bin/../lib/gcc/arm-none-eabi/5.4.1/armv7e-m/fpu/crtbegin.o
 .text          0x00000000       0x74 c:/users/spinkoh/.p2/pool/plugins/fr.ac6.mcu.externaltools.arm-none.win32_1.13.2.201703061525/tools/compiler/bin/../lib/gcc/arm-none-eabi/5.4.1/../../../../arm-none-eabi/lib/armv7e-m/fpu/crt0.o
 .data          0x00000000        0x0 c:/users/spinkoh/.p2/pool/plugins/fr.ac6.mcu.externaltools.arm-none.win32_1.13.2.201703061525/tools/compiler/bin/../lib/gcc/arm-none-eabi/5.4.1/../../../../arm-none-eabi/lib/armv7e-m/fpu/crt0.o
 .bss           0x00000000        0x0 c:/users/spinkoh/.p2/pool/plugins/fr.ac6.mcu.externaltools.arm-none.win32_1.13.2.201703061525/tools/compiler/bin/../lib/gcc/arm-none-eabi/5.4.1/../../../../arm-none-eabi/lib/armv7e-m/fpu/crt0.o
 .ARM.extab     0x00000000        0x0 c:/users/spinkoh/.p2/pool/plugins/fr.ac6.mcu.externaltools.arm-none.win32_1.13.2.201703061525/tools/compiler/bin/../lib/gcc/arm-none-eabi/5.4.1/../../../../arm-none-eabi/lib/armv7e-m/fpu/crt0.o
 .ARM.exidx     0x00000000        0x8 c:/users/spinkoh/.p2/pool/plugins/fr.ac6.mcu.externaltools.arm-none.win32_1.13.2.201703061525/tools/compiler/bin/../lib/gcc/arm-none-eabi/5.4.1/../../../../arm-none-eabi/lib/armv7e-m/fpu/crt0.o
 .ARM.attributes
                0x00000000       0x20 c:/users/spinkoh/.p2/pool/plugins/fr.ac6.mcu.externaltools.arm-none.win32_1.13.2.201703061525/tools/compiler/bin/../lib/gcc/arm-none-eabi/5.4.1/../../../../arm-none-eabi/lib/armv7e-m/fpu/crt0.o
[...]
Memory Configuration

Name             Origin             Length             Attributes
RAM              0x20000000         0x00020000         xrw
CCMRAM           0x10000000         0x00010000         rw
FLASH            0x08000000         0x00100000         xr
*default*        0x00000000         0xffffffff

Linker script and memory map

LOAD c:/users/spinkoh/.p2/pool/plugins/fr.ac6.mcu.externaltools.arm-none.win32_1.13.2.201703061525/tools/compiler/bin/../lib/gcc/arm-none-eabi/5.4.1/armv7e-m/fpu/crti.o
LOAD c:/users/spinkoh/.p2/pool/plugins/fr.ac6.mcu.externaltools.arm-none.win32_1.13.2.201703061525/tools/compiler/bin/../lib/gcc/arm-none-eabi/5.4.1/armv7e-m/fpu/crtbegin.o
LOAD c:/users/spinkoh/.p2/pool/plugins/fr.ac6.mcu.externaltools.arm-none.win32_1.13.2.201703061525/tools/compiler/bin/../lib/gcc/arm-none-eabi/5.4.1/../../../../arm-none-eabi/lib/armv7e-m/fpu/crt0.o
LOAD c:/users/spinkoh/.p2/pool/plugins/fr.ac6.mcu.externaltools.arm-none.win32_1.13.2.201703061525/tools/compiler/bin/../lib/gcc/arm-none-eabi/5.4.1/../../../../arm-none-eabi/lib/armv7e-m/fpu\libm.a
LOAD Drivers/STM32F4xx_HAL_Driver/Src/stm32f4xx_hal.o
LOAD Drivers/STM32F4xx_HAL_Driver/Src/stm32f4xx_hal_cortex.o
LOAD Drivers/STM32F4xx_HAL_Driver/Src/stm32f4xx_hal_dma.o
LOAD Drivers/STM32F4xx_HAL_Driver/Src/stm32f4xx_hal_dma_ex.o
LOAD Drivers/STM32F4xx_HAL_Driver/Src/stm32f4xx_hal_flash.o
LOAD Drivers/STM32F4xx_HAL_Driver/Src/stm32f4xx_hal_flash_ex.o
LOAD Drivers/STM32F4xx_HAL_Driver/Src/stm32f4xx_hal_flash_ramfunc.o
LOAD Drivers/STM32F4xx_HAL_Driver/Src/stm32f4xx_hal_gpio.o
LOAD Drivers/STM32F4xx_HAL_Driver/Src/stm32f4xx_hal_pwr.o
LOAD Drivers/STM32F4xx_HAL_Driver/Src/stm32f4xx_hal_pwr_ex.o
LOAD Drivers/STM32F4xx_HAL_Driver/Src/stm32f4xx_hal_rcc.o
LOAD Drivers/STM32F4xx_HAL_Driver/Src/stm32f4xx_hal_rcc_ex.o
LOAD Drivers/STM32F4xx_HAL_Driver/Src/stm32f4xx_hal_spi.o
LOAD Drivers/STM32F4xx_HAL_Driver/Src/stm32f4xx_hal_tim.o
LOAD Drivers/STM32F4xx_HAL_Driver/Src/stm32f4xx_hal_tim_ex.o
LOAD Src/main.o
LOAD Src/ssd1306.o
LOAD Src/stm32f4xx_hal_msp.o
LOAD Src/stm32f4xx_it.o
LOAD Src/system_stm32f4xx.o
LOAD startup/startup_stm32f407xx.o
START GROUP
LOAD c:/users/spinkoh/.p2/pool/plugins/fr.ac6.mcu.externaltools.arm-none.win32_1.13.2.201703061525/tools/compiler/bin/../lib/gcc/arm-none-eabi/5.4.1/armv7e-m/fpu\libgcc.a
LOAD c:/users/spinkoh/.p2/pool/plugins/fr.ac6.mcu.externaltools.arm-none.win32_1.13.2.201703061525/tools/compiler/bin/../lib/gcc/arm-none-eabi/5.4.1/../../../../arm-none-eabi/lib/armv7e-m/fpu\libc_nano.a
END GROUP
START GROUP
LOAD c:/users/spinkoh/.p2/pool/plugins/fr.ac6.mcu.externaltools.arm-none.win32_1.13.2.201703061525/tools/compiler/bin/../lib/gcc/arm-none-eabi/5.4.1/armv7e-m/fpu\libgcc.a
LOAD c:/users/spinkoh/.p2/pool/plugins/fr.ac6.mcu.externaltools.arm-none.win32_1.13.2.201703061525/tools/compiler/bin/../lib/gcc/arm-none-eabi/5.4.1/../../../../arm-none-eabi/lib/armv7e-m/fpu\libc_nano.a
LOAD c:/users/spinkoh/.p2/pool/plugins/fr.ac6.mcu.externaltools.arm-none.win32_1.13.2.201703061525/tools/compiler/bin/../lib/gcc/arm-none-eabi/5.4.1/../../../../arm-none-eabi/lib/armv7e-m/fpu\libnosys.a
END GROUP
START GROUP
LOAD c:/users/spinkoh/.p2/pool/plugins/fr.ac6.mcu.externaltools.arm-none.win32_1.13.2.201703061525/tools/compiler/bin/../lib/gcc/arm-none-eabi/5.4.1/armv7e-m/fpu\libgcc.a
LOAD c:/users/spinkoh/.p2/pool/plugins/fr.ac6.mcu.externaltools.arm-none.win32_1.13.2.201703061525/tools/compiler/bin/../lib/gcc/arm-none-eabi/5.4.1/../../../../arm-none-eabi/lib/armv7e-m/fpu\libc_nano.a
LOAD c:/users/spinkoh/.p2/pool/plugins/fr.ac6.mcu.externaltools.arm-none.win32_1.13.2.201703061525/tools/compiler/bin/../lib/gcc/arm-none-eabi/5.4.1/../../../../arm-none-eabi/lib/armv7e-m/fpu\libnosys.a
END GROUP
LOAD c:/users/spinkoh/.p2/pool/plugins/fr.ac6.mcu.externaltools.arm-none.win32_1.13.2.201703061525/tools/compiler/bin/../lib/gcc/arm-none-eabi/5.4.1/armv7e-m/fpu/crtend.o
LOAD c:/users/spinkoh/.p2/pool/plugins/fr.ac6.mcu.externaltools.arm-none.win32_1.13.2.201703061525/tools/compiler/bin/../lib/gcc/arm-none-eabi/5.4.1/armv7e-m/fpu/crtn.o
                0x20020000                _estack = 0x20020000
                0x00000200                _Min_Heap_Size = 0x200
                0x00000400                _Min_Stack_Size = 0x400

.isr_vector     0x08000000      0x188
                0x08000000                . = ALIGN (0x4)
 *(.isr_vector)
 .isr_vector    0x08000000      0x188 startup/startup_stm32f407xx.o
                0x08000000                g_pfnVectors
                0x08000188                . = ALIGN (0x4)

.text           0x08000188     0x1c54
                0x08000188                . = ALIGN (0x4)
 *(.text)
 .text          0x08000188       0x5c c:/users/spinkoh/.p2/pool/plugins/fr.ac6.mcu.externaltools.arm-none.win32_1.13.2.201703061525/tools/compiler/bin/../lib/gcc/arm-none-eabi/5.4.1/armv7e-m/fpu/crtbegin.o
 *(.text*)
 .text.HAL_InitTick
                0x080001e4       0x2c Drivers/STM32F4xx_HAL_Driver/Src/stm32f4xx_hal.o
                0x080001e4                HAL_InitTick
 .text.HAL_Init
                0x08000210       0x34 Drivers/STM32F4xx_HAL_Driver/Src/stm32f4xx_hal.o
                0x08000210                HAL_Init
 .text.HAL_IncTick
                0x08000244       0x10 Drivers/STM32F4xx_HAL_Driver/Src/stm32f4xx_hal.o
                0x08000244                HAL_IncTick
 .text.HAL_GetTick
                0x08000254        0xc Drivers/STM32F4xx_HAL_Driver/Src/stm32f4xx_hal.o
                0x08000254                HAL_GetTick
 .text.HAL_NVIC_SetPriorityGrouping
                0x08000260       0x24 Drivers/STM32F4xx_HAL_Driver/Src/stm32f4xx_hal_cortex.o
                0x08000260                HAL_NVIC_SetPriorityGrouping
 .text.HAL_NVIC_SetPriority
                0x08000284       0x64 Drivers/STM32F4xx_HAL_Driver/Src/stm32f4xx_hal_cortex.o
                0x08000284                HAL_NVIC_SetPriority
 .text.HAL_NVIC_EnableIRQ
                0x080002e8       0x18 Drivers/STM32F4xx_HAL_Driver/Src/stm32f4xx_hal_cortex.o
                0x080002e8                HAL_NVIC_EnableIRQ
 .text.HAL_SYSTICK_Config
                0x08000300       0x2c Drivers/STM32F4xx_HAL_Driver/Src/stm32f4xx_hal_cortex.o
                0x08000300                HAL_SYSTICK_Config
 .text.HAL_SYSTICK_CLKSourceConfig
                0x0800032c       0x20 Drivers/STM32F4xx_HAL_Driver/Src/stm32f4xx_hal_cortex.o
                0x0800032c                HAL_SYSTICK_CLKSourceConfig
 .text.HAL_SYSTICK_Callback
                0x0800034c        0x4 Drivers/STM32F4xx_HAL_Driver/Src/stm32f4xx_hal_cortex.o
                0x0800034c                HAL_SYSTICK_Callback
 .text.HAL_SYSTICK_IRQHandler
                0x08000350        0x8 Drivers/STM32F4xx_HAL_Driver/Src/stm32f4xx_hal_cortex.o
                0x08000350                HAL_SYSTICK_IRQHandler
 .text.DMA_CalcBaseAndBitshift
                0x08000358       0x3c Drivers/STM32F4xx_HAL_Driver/Src/stm32f4xx_hal_dma.o
 .text.DMA_CheckFifoParam
                0x08000394       0x90 Drivers/STM32F4xx_HAL_Driver/Src/stm32f4xx_hal_dma.o
 .text.HAL_DMA_Init
                0x08000424       0xd0 Drivers/STM32F4xx_HAL_Driver/Src/stm32f4xx_hal_dma.o
                0x08000424                HAL_DMA_Init
 .text.HAL_DMA_IRQHandler
                0x080004f4      0x1e0 Drivers/STM32F4xx_HAL_Driver/Src/stm32f4xx_hal_dma.o
                0x080004f4                HAL_DMA_IRQHandler
 .text.HAL_GPIO_Init
                0x080006d4      0x1c0 Drivers/STM32F4xx_HAL_Driver/Src/stm32f4xx_hal_gpio.o
                0x080006d4                HAL_GPIO_Init
 .text.HAL_GPIO_WritePin
                0x08000894        0xc Drivers/STM32F4xx_HAL_Driver/Src/stm32f4xx_hal_gpio.o
                0x08000894                HAL_GPIO_WritePin
 .text.HAL_RCC_OscConfig
                0x080008a0      0x3c8 Drivers/STM32F4xx_HAL_Driver/Src/stm32f4xx_hal_rcc.o
                0x080008a0                HAL_RCC_OscConfig
 .text.HAL_RCC_GetSysClockFreq
                0x08000c68       0xa4 Drivers/STM32F4xx_HAL_Driver/Src/stm32f4xx_hal_rcc.o
                0x08000c68                HAL_RCC_GetSysClockFreq
 .text.HAL_RCC_ClockConfig
                0x08000d0c      0x1b0 Drivers/STM32F4xx_HAL_Driver/Src/stm32f4xx_hal_rcc.o
                0x08000d0c                HAL_RCC_ClockConfig
 .text.HAL_RCC_GetHCLKFreq
                0x08000ebc        0xc Drivers/STM32F4xx_HAL_Driver/Src/stm32f4xx_hal_rcc.o
                0x08000ebc                HAL_RCC_GetHCLKFreq
 .text.SPI_WaitFlagStateUntilTimeout
                0x08000ec8       0x94 Drivers/STM32F4xx_HAL_Driver/Src/stm32f4xx_hal_spi.o
 .text.SPI_CheckFlag_BSY
                0x08000f5c       0x28 Drivers/STM32F4xx_HAL_Driver/Src/stm32f4xx_hal_spi.o
 .text.HAL_SPI_Init
                0x08000f84       0x84 Drivers/STM32F4xx_HAL_Driver/Src/stm32f4xx_hal_spi.o
                0x08000f84                HAL_SPI_Init
 .text.HAL_SPI_Transmit
                0x08001008      0x1b0 Drivers/STM32F4xx_HAL_Driver/Src/stm32f4xx_hal_spi.o
                0x08001008                HAL_SPI_Transmit
 .text.MX_GPIO_Init
                0x080011b8      0x214 Src/main.o
 .text.MX_DMA_Init
                0x080013cc       0x34 Src/main.o
 .text._Error_Handler
                0x08001400        0x4 Src/main.o
                0x08001400                _Error_Handler
 .text.MX_SPI1_Init
                0x08001404       0x48 Src/main.o
 .text.SystemClock_Config
                0x0800144c       0xc4 Src/main.o
                0x0800144c                SystemClock_Config
 .text.main     0x08001510       0x68 Src/main.o
                0x08001510                main
 .text.SSD1306_cmd
                0x08001578       0x2c Src/ssd1306.o
 .text.SSD1306_cmd_double
                0x080015a4       0x34 Src/ssd1306.o
 .text.SSD1306_Init
                0x080015d8       0xa0 Src/ssd1306.o
                0x080015d8                SSD1306_Init
 .text.SSD1306_Contrast
                0x08001678       0x28 Src/ssd1306.o
                0x08001678                SSD1306_Contrast
 .text.SSD1306_SetXDir
                0x080016a0       0x2c Src/ssd1306.o
                0x080016a0                SSD1306_SetXDir
 .text.SSD1306_SetYDir
                0x080016cc       0x2c Src/ssd1306.o
                0x080016cc                SSD1306_SetYDir
 .text.SSD1306_Orientation
                0x080016f8       0x80 Src/ssd1306.o
                0x080016f8                SSD1306_Orientation
 .text.SSD1306_Flush
                0x08001778       0x64 Src/ssd1306.o
                0x08001778                SSD1306_Flush
 .text.SSD1306_Fill
                0x080017dc       0x1c Src/ssd1306.o
                0x080017dc                SSD1306_Fill
 .text.LCD_PutChar
                0x080017f8      0x390 Src/ssd1306.o
                0x080017f8                LCD_PutChar
 .text.LCD_PutStr
                0x08001b88       0x44 Src/ssd1306.o
                0x08001b88                LCD_PutStr
 .text.HAL_MspInit
                0x08001bcc       0x60 Src/stm32f4xx_hal_msp.o
                0x08001bcc                HAL_MspInit
 .text.HAL_SPI_MspInit
                0x08001c2c       0x90 Src/stm32f4xx_hal_msp.o
                0x08001c2c                HAL_SPI_MspInit
 .text.SysTick_Handler
                0x08001cbc        0xc Src/stm32f4xx_it.o
                0x08001cbc                SysTick_Handler
 .text.DMA2_Stream0_IRQHandler
                0x08001cc8       0x10 Src/stm32f4xx_it.o
                0x08001cc8                DMA2_Stream0_IRQHandler
 .text.SystemInit
                0x08001cd8       0x4c Src/system_stm32f4xx.o
                0x08001cd8                SystemInit
 .text.Reset_Handler
                0x08001d24       0x50 startup/startup_stm32f407xx.o
                0x08001d24                Reset_Handler
 .text.Default_Handler
                0x08001d74        0x2 startup/startup_stm32f407xx.o
                0x08001d74                RTC_Alarm_IRQHandler
                0x08001d74                HASH_RNG_IRQHandler
                0x08001d74                EXTI2_IRQHandler
                0x08001d74                TIM8_CC_IRQHandler
                0x08001d74                DebugMon_Handler
                0x08001d74                TIM1_CC_IRQHandler
                0x08001d74                DMA2_Stream5_IRQHandler
                0x08001d74                HardFault_Handler
                0x08001d74                DMA1_Stream5_IRQHandler
                0x08001d74                PVD_IRQHandler
                0x08001d74                SDIO_IRQHandler
                0x08001d74                TAMP_STAMP_IRQHandler
                0x08001d74                PendSV_Handler
                0x08001d74                NMI_Handler
                0x08001d74                CAN2_RX1_IRQHandler
                0x08001d74                EXTI3_IRQHandler
                0x08001d74                TIM8_TRG_COM_TIM14_IRQHandler
                0x08001d74                TIM1_UP_TIM10_IRQHandler
                0x08001d74                TIM8_UP_TIM13_IRQHandler
                0x08001d74                I2C3_ER_IRQHandler
                0x08001d74                EXTI0_IRQHandler
                0x08001d74                I2C2_EV_IRQHandler
                0x08001d74                DMA1_Stream2_IRQHandler
                0x08001d74                CAN1_RX0_IRQHandler
                0x08001d74                FPU_IRQHandler
                0x08001d74                OTG_HS_WKUP_IRQHandler
                0x08001d74                UsageFault_Handler
                0x08001d74                CAN2_SCE_IRQHandler
                0x08001d74                DMA2_Stream2_IRQHandler
                0x08001d74                SPI1_IRQHandler
                0x08001d74                TIM6_DAC_IRQHandler
                0x08001d74                TIM1_BRK_TIM9_IRQHandler
                0x08001d74                DCMI_IRQHandler
                0x08001d74                CAN2_RX0_IRQHandler
                0x08001d74                DMA2_Stream3_IRQHandler
                0x08001d74                USART6_IRQHandler
                0x08001d74                USART3_IRQHandler
                0x08001d74                CAN1_RX1_IRQHandler
                0x08001d74                UART5_IRQHandler
                0x08001d74                TIM4_IRQHandler
                0x08001d74                I2C1_EV_IRQHandler
                0x08001d74                DMA1_Stream6_IRQHandler
                0x08001d74                DMA1_Stream1_IRQHandler
                0x08001d74                UART4_IRQHandler
                0x08001d74                TIM3_IRQHandler
                0x08001d74                RCC_IRQHandler
                0x08001d74                TIM8_BRK_TIM12_IRQHandler
                0x08001d74                Default_Handler
                0x08001d74                EXTI15_10_IRQHandler
                0x08001d74                ADC_IRQHandler
                0x08001d74                DMA1_Stream7_IRQHandler
                0x08001d74                TIM7_IRQHandler
                0x08001d74                CAN2_TX_IRQHandler
                0x08001d74                TIM5_IRQHandler
                0x08001d74                DMA2_Stream7_IRQHandler
                0x08001d74                I2C3_EV_IRQHandler
                0x08001d74                EXTI9_5_IRQHandler
                0x08001d74                RTC_WKUP_IRQHandler
                0x08001d74                ETH_WKUP_IRQHandler
                0x08001d74                SPI2_IRQHandler
                0x08001d74                OTG_HS_EP1_IN_IRQHandler
                0x08001d74                MemManage_Handler
                0x08001d74                DMA1_Stream0_IRQHandler
                0x08001d74                CAN1_TX_IRQHandler
                0x08001d74                SVC_Handler
                0x08001d74                EXTI4_IRQHandler
                0x08001d74                FSMC_IRQHandler
                0x08001d74                ETH_IRQHandler
                0x08001d74                OTG_HS_EP1_OUT_IRQHandler
                0x08001d74                WWDG_IRQHandler
                0x08001d74                TIM2_IRQHandler
                0x08001d74                OTG_FS_WKUP_IRQHandler
                0x08001d74                TIM1_TRG_COM_TIM11_IRQHandler
                0x08001d74                OTG_HS_IRQHandler
                0x08001d74                EXTI1_IRQHandler
                0x08001d74                USART2_IRQHandler
                0x08001d74                I2C2_ER_IRQHandler
                0x08001d74                DMA2_Stream1_IRQHandler
                0x08001d74                CAN1_SCE_IRQHandler
                0x08001d74                FLASH_IRQHandler
                0x08001d74                DMA2_Stream4_IRQHandler
                0x08001d74                BusFault_Handler
                0x08001d74                USART1_IRQHandler
                0x08001d74                OTG_FS_IRQHandler
                0x08001d74                SPI3_IRQHandler
                0x08001d74                DMA1_Stream4_IRQHandler
                0x08001d74                I2C1_ER_IRQHandler
                0x08001d74                DMA2_Stream6_IRQHandler
                0x08001d74                DMA1_Stream3_IRQHandler
 *fill*         0x08001d76        0x2 
 .text.__libc_init_array
                0x08001d78       0x4c c:/users/spinkoh/.p2/pool/plugins/fr.ac6.mcu.externaltools.arm-none.win32_1.13.2.201703061525/tools/compiler/bin/../lib/gcc/arm-none-eabi/5.4.1/../../../../arm-none-eabi/lib/armv7e-m/fpu\libc_nano.a(lib_a-init.o)
                0x08001d78                __libc_init_array
 *(.glue_7)
 .glue_7        0x08001dc4        0x0 linker stubs
 *(.glue_7t)
 .glue_7t       0x08001dc4        0x0 linker stubs
 *(.eh_frame)
 .eh_frame      0x08001dc4        0x0 c:/users/spinkoh/.p2/pool/plugins/fr.ac6.mcu.externaltools.arm-none.win32_1.13.2.201703061525/tools/compiler/bin/../lib/gcc/arm-none-eabi/5.4.1/armv7e-m/fpu/crtbegin.o
 *(.init)
 .init          0x08001dc4        0x4 c:/users/spinkoh/.p2/pool/plugins/fr.ac6.mcu.externaltools.arm-none.win32_1.13.2.201703061525/tools/compiler/bin/../lib/gcc/arm-none-eabi/5.4.1/armv7e-m/fpu/crti.o
                0x08001dc4                _init
 .init          0x08001dc8        0x8 c:/users/spinkoh/.p2/pool/plugins/fr.ac6.mcu.externaltools.arm-none.win32_1.13.2.201703061525/tools/compiler/bin/../lib/gcc/arm-none-eabi/5.4.1/armv7e-m/fpu/crtn.o
 *(.fini)
 .fini          0x08001dd0        0x4 c:/users/spinkoh/.p2/pool/plugins/fr.ac6.mcu.externaltools.arm-none.win32_1.13.2.201703061525/tools/compiler/bin/../lib/gcc/arm-none-eabi/5.4.1/armv7e-m/fpu/crti.o
                0x08001dd0                _fini
 .fini          0x08001dd4        0x8 c:/users/spinkoh/.p2/pool/plugins/fr.ac6.mcu.externaltools.arm-none.win32_1.13.2.201703061525/tools/compiler/bin/../lib/gcc/arm-none-eabi/5.4.1/armv7e-m/fpu/crtn.o
                0x08001ddc                . = ALIGN (0x4)
                0x08001ddc                _etext = .

.vfp11_veneer   0x08001ddc        0x0
 .vfp11_veneer  0x08001ddc        0x0 linker stubs

.v4_bx          0x08001ddc        0x0
 .v4_bx         0x08001ddc        0x0 linker stubs

.iplt           0x08001ddc        0x0
 .iplt          0x08001ddc        0x0 c:/users/spinkoh/.p2/pool/plugins/fr.ac6.mcu.externaltools.arm-none.win32_1.13.2.201703061525/tools/compiler/bin/../lib/gcc/arm-none-eabi/5.4.1/armv7e-m/fpu/crtbegin.o

.rodata         0x08001ddc      0x434
                0x08001ddc                . = ALIGN (0x4)
 *(.rodata)
 .rodata        0x08001ddc        0x8 Drivers/STM32F4xx_HAL_Driver/Src/stm32f4xx_hal_dma.o
 .rodata        0x08001de4      0x3bd Src/main.o
 *fill*         0x080021a1        0x3 
 .rodata        0x080021a4       0x16 Src/ssd1306.o
 *fill*         0x080021ba        0x2 
 .rodata        0x080021bc       0x18 Src/system_stm32f4xx.o
                0x080021bc                AHBPrescTable
                0x080021cc                APBPrescTable
 *(.rodata*)
 .rodata.str1.4
                0x080021d4       0x1f Src/main.o
 *fill*         0x080021f3        0x1 
 .rodata.str1.4
                0x080021f4       0x1c Src/stm32f4xx_hal_msp.o
                                 0x1b (size before relaxing)
                0x08002210                . = ALIGN (0x4)

.rel.dyn        0x08002210        0x0
 .rel.iplt      0x08002210        0x0 c:/users/spinkoh/.p2/pool/plugins/fr.ac6.mcu.externaltools.arm-none.win32_1.13.2.201703061525/tools/compiler/bin/../lib/gcc/arm-none-eabi/5.4.1/armv7e-m/fpu/crtbegin.o

.ARM.extab
 *(.ARM.extab* .gnu.linkonce.armextab.*)

.ARM            0x08002210        0x0
                0x08002210                __exidx_start = .
 *(.ARM.exidx*)
                0x08002210                __exidx_end = .

.preinit_array  0x08002210        0x0
                0x08002210                PROVIDE (__preinit_array_start, .)
 *(.preinit_array*)
                0x08002210                PROVIDE (__preinit_array_end, .)

.init_array     0x08002210        0x4
                0x08002210                PROVIDE (__init_array_start, .)
 *(SORT(.init_array.*))
 *(.init_array*)
 .init_array    0x08002210        0x4 c:/users/spinkoh/.p2/pool/plugins/fr.ac6.mcu.externaltools.arm-none.win32_1.13.2.201703061525/tools/compiler/bin/../lib/gcc/arm-none-eabi/5.4.1/armv7e-m/fpu/crtbegin.o
                0x08002214                PROVIDE (__init_array_end, .)

.fini_array     0x08002214        0x4
                [!provide]                PROVIDE (__fini_array_start, .)
 *(SORT(.fini_array.*))
 *(.fini_array*)
 .fini_array    0x08002214        0x4 c:/users/spinkoh/.p2/pool/plugins/fr.ac6.mcu.externaltools.arm-none.win32_1.13.2.201703061525/tools/compiler/bin/../lib/gcc/arm-none-eabi/5.4.1/armv7e-m/fpu/crtbegin.o
                [!provide]                PROVIDE (__fini_array_end, .)
                0x08002218                _sidata = LOADADDR (.data)

.data           0x20000000        0x8 load address 0x08002218
                0x20000000                . = ALIGN (0x4)
                0x20000000                _sdata = .
 *(.data)
 .data          0x20000000        0x4 Src/ssd1306.o
                0x20000000                scr_width
                0x20000002                scr_height
 .data          0x20000004        0x4 Src/system_stm32f4xx.o
                0x20000004                SystemCoreClock
 *(.data*)
                0x20000008                . = ALIGN (0x4)
                0x20000008                _edata = .
                0x08002220                _siccmram = LOADADDR (.ccmram)

.jcr            0x20000008        0x0 load address 0x08002220
 .jcr           0x20000008        0x0 c:/users/spinkoh/.p2/pool/plugins/fr.ac6.mcu.externaltools.arm-none.win32_1.13.2.201703061525/tools/compiler/bin/../lib/gcc/arm-none-eabi/5.4.1/armv7e-m/fpu/crtbegin.o

.igot.plt       0x20000008        0x0 load address 0x08002220
 .igot.plt      0x20000008        0x0 c:/users/spinkoh/.p2/pool/plugins/fr.ac6.mcu.externaltools.arm-none.win32_1.13.2.201703061525/tools/compiler/bin/../lib/gcc/arm-none-eabi/5.4.1/armv7e-m/fpu/crtbegin.o

.ccmram         0x10000000        0x0 load address 0x08002220
                0x10000000                . = ALIGN (0x4)
                0x10000000                _sccmram = .
 *(.ccmram)
 *(.ccmram*)
                0x10000000                . = ALIGN (0x4)
                0x10000000                _eccmram = .
                0x10000000                . = ALIGN (0x4)

.bss            0x20000008      0x4dc
                0x20000008                _sbss = .
                0x20000008                __bss_start__ = _sbss
 *(.bss)
 .bss           0x20000008       0x1c c:/users/spinkoh/.p2/pool/plugins/fr.ac6.mcu.externaltools.arm-none.win32_1.13.2.201703061525/tools/compiler/bin/../lib/gcc/arm-none-eabi/5.4.1/armv7e-m/fpu/crtbegin.o
 .bss           0x20000024      0x402 Src/ssd1306.o
                0x20000424                LCD_PixelMode
 *(.bss*)
 *(COMMON)
 *fill*         0x20000426        0x2 
 COMMON         0x20000428        0x4 Drivers/STM32F4xx_HAL_Driver/Src/stm32f4xx_hal.o
                0x20000428                uwTick
 COMMON         0x2000042c       0xb8 Src/main.o
                0x2000042c                hspi1
                0x20000484                hdma_spi1_rx
                0x200004e4                . = ALIGN (0x4)
                0x200004e4                _ebss = .
                0x200004e4                __bss_end__ = _ebss

._user_heap_stack
                0x200004e4      0x604
                0x200004e8                . = ALIGN (0x8)
 *fill*         0x200004e4        0x4 
                [!provide]                PROVIDE (end, .)
                [!provide]                PROVIDE (_end, .)
                0x200006e8                . = (. + _Min_Heap_Size)
 *fill*         0x200004e8      0x200 
                0x20000ae8                . = (. + _Min_Stack_Size)
 *fill*         0x200006e8      0x400 
                0x20000ae8                . = ALIGN (0x8)

/DISCARD/
 libc.a(*)
 libm.a(*)
 libgcc.a(*)

.ARM.attributes
                0x00000000       0x30
 *(.ARM.attributes)
 .ARM.attributes
                0x00000000       0x22 c:/users/spinkoh/.p2/pool/plugins/fr.ac6.mcu.externaltools.arm-none.win32_1.13.2.201703061525/tools/compiler/bin/../lib/gcc/arm-none-eabi/5.4.1/armv7e-m/fpu/crti.o
 .ARM.attributes
                0x00000022       0x34 c:/users/spinkoh/.p2/pool/plugins/fr.ac6.mcu.externaltools.arm-none.win32_1.13.2.201703061525/tools/compiler/bin/../lib/gcc/arm-none-eabi/5.4.1/armv7e-m/fpu/crtbegin.o
 .ARM.attributes
                0x00000056       0x39 Drivers/STM32F4xx_HAL_Driver/Src/stm32f4xx_hal.o
 .ARM.attributes
                0x0000008f       0x39 Drivers/STM32F4xx_HAL_Driver/Src/stm32f4xx_hal_cortex.o
 .ARM.attributes
                0x000000c8       0x39 Drivers/STM32F4xx_HAL_Driver/Src/stm32f4xx_hal_dma.o
 .ARM.attributes
                0x00000101       0x39 Drivers/STM32F4xx_HAL_Driver/Src/stm32f4xx_hal_gpio.o
 .ARM.attributes
                0x0000013a       0x39 Drivers/STM32F4xx_HAL_Driver/Src/stm32f4xx_hal_rcc.o
 .ARM.attributes
                0x00000173       0x39 Drivers/STM32F4xx_HAL_Driver/Src/stm32f4xx_hal_spi.o
 .ARM.attributes
                0x000001ac       0x39 Src/main.o
 .ARM.attributes
                0x000001e5       0x39 Src/ssd1306.o
 .ARM.attributes
                0x0000021e       0x39 Src/stm32f4xx_hal_msp.o
 .ARM.attributes
                0x00000257       0x39 Src/stm32f4xx_it.o
 .ARM.attributes
                0x00000290       0x39 Src/system_stm32f4xx.o
 .ARM.attributes
                0x000002c9       0x21 startup/startup_stm32f407xx.o
 .ARM.attributes
                0x000002ea       0x34 c:/users/spinkoh/.p2/pool/plugins/fr.ac6.mcu.externaltools.arm-none.win32_1.13.2.201703061525/tools/compiler/bin/../lib/gcc/arm-none-eabi/5.4.1/../../../../arm-none-eabi/lib/armv7e-m/fpu\libc_nano.a(lib_a-init.o)
 .ARM.attributes
                0x0000031e       0x22 c:/users/spinkoh/.p2/pool/plugins/fr.ac6.mcu.externaltools.arm-none.win32_1.13.2.201703061525/tools/compiler/bin/../lib/gcc/arm-none-eabi/5.4.1/armv7e-m/fpu/crtn.o
OUTPUT(test-oled.elf elf32-littlearm)

.debug_info     0x00000000     0xa0de
 .debug_info    0x00000000      0x928 Drivers/STM32F4xx_HAL_Driver/Src/stm32f4xx_hal.o
 .debug_info    0x00000928      0xf0d Drivers/STM32F4xx_HAL_Driver/Src/stm32f4xx_hal_cortex.o
 .debug_info    0x00001835      0xa62 Drivers/STM32F4xx_HAL_Driver/Src/stm32f4xx_hal_dma.o
 .debug_info    0x00002297      0x72a Drivers/STM32F4xx_HAL_Driver/Src/stm32f4xx_hal_gpio.o
 .debug_info    0x000029c1      0xce5 Drivers/STM32F4xx_HAL_Driver/Src/stm32f4xx_hal_rcc.o
 .debug_info    0x000036a6     0x19ea Drivers/STM32F4xx_HAL_Driver/Src/stm32f4xx_hal_spi.o
 .debug_info    0x00005090     0x1424 Src/main.o
 .debug_info    0x000064b4     0x2665 Src/ssd1306.o
 .debug_info    0x00008b19      0xcb5 Src/stm32f4xx_hal_msp.o
 .debug_info    0x000097ce      0x387 Src/stm32f4xx_it.o
 .debug_info    0x00009b55      0x500 Src/system_stm32f4xx.o
 .debug_info    0x0000a055       0x89 startup/startup_stm32f407xx.o

.debug_abbrev   0x00000000     0x1851
 .debug_abbrev  0x00000000      0x25c Drivers/STM32F4xx_HAL_Driver/Src/stm32f4xx_hal.o
 .debug_abbrev  0x0000025c      0x2fe Drivers/STM32F4xx_HAL_Driver/Src/stm32f4xx_hal_cortex.o
 .debug_abbrev  0x0000055a      0x28e Drivers/STM32F4xx_HAL_Driver/Src/stm32f4xx_hal_dma.o
 .debug_abbrev  0x000007e8      0x1cd Drivers/STM32F4xx_HAL_Driver/Src/stm32f4xx_hal_gpio.o
 .debug_abbrev  0x000009b5      0x2b0 Drivers/STM32F4xx_HAL_Driver/Src/stm32f4xx_hal_rcc.o
 .debug_abbrev  0x00000c65      0x23d Drivers/STM32F4xx_HAL_Driver/Src/stm32f4xx_hal_spi.o
 .debug_abbrev  0x00000ea2      0x25a Src/main.o
 .debug_abbrev  0x000010fc      0x33e Src/ssd1306.o
 .debug_abbrev  0x0000143a      0x1bc Src/stm32f4xx_hal_msp.o
 .debug_abbrev  0x000015f6      0x145 Src/stm32f4xx_it.o
 .debug_abbrev  0x0000173b      0x104 Src/system_stm32f4xx.o
 .debug_abbrev  0x0000183f       0x12 startup/startup_stm32f407xx.o

.debug_loc      0x00000000     0x6cd9
 .debug_loc     0x00000000       0x91 Drivers/STM32F4xx_HAL_Driver/Src/stm32f4xx_hal.o
 .debug_loc     0x00000091      0x548 Drivers/STM32F4xx_HAL_Driver/Src/stm32f4xx_hal_cortex.o
 .debug_loc     0x000005d9      0xa0b Drivers/STM32F4xx_HAL_Driver/Src/stm32f4xx_hal_dma.o
 .debug_loc     0x00000fe4      0x38f Drivers/STM32F4xx_HAL_Driver/Src/stm32f4xx_hal_gpio.o
 .debug_loc     0x00001373      0x622 Drivers/STM32F4xx_HAL_Driver/Src/stm32f4xx_hal_rcc.o
 .debug_loc     0x00001995     0x17a8 Drivers/STM32F4xx_HAL_Driver/Src/stm32f4xx_hal_spi.o
 .debug_loc     0x0000313d     0x3a18 Src/ssd1306.o
 .debug_loc     0x00006b55       0x52 Src/stm32f4xx_hal_msp.o
 .debug_loc     0x00006ba7      0x132 Src/system_stm32f4xx.o

.debug_aranges  0x00000000      0x6c8
 .debug_aranges
                0x00000000       0xc8 Drivers/STM32F4xx_HAL_Driver/Src/stm32f4xx_hal.o
 .debug_aranges
                0x000000c8       0xa8 Drivers/STM32F4xx_HAL_Driver/Src/stm32f4xx_hal_cortex.o
 .debug_aranges
                0x00000170       0x90 Drivers/STM32F4xx_HAL_Driver/Src/stm32f4xx_hal_dma.o
 .debug_aranges
                0x00000200       0x58 Drivers/STM32F4xx_HAL_Driver/Src/stm32f4xx_hal_gpio.o
 .debug_aranges
                0x00000258       0x88 Drivers/STM32F4xx_HAL_Driver/Src/stm32f4xx_hal_rcc.o
 .debug_aranges
                0x000002e0      0x1c8 Drivers/STM32F4xx_HAL_Driver/Src/stm32f4xx_hal_spi.o
 .debug_aranges
                0x000004a8       0x48 Src/main.o
 .debug_aranges
                0x000004f0      0x130 Src/ssd1306.o
 .debug_aranges
                0x00000620       0x30 Src/stm32f4xx_hal_msp.o
 .debug_aranges
                0x00000650       0x28 Src/stm32f4xx_it.o
 .debug_aranges
                0x00000678       0x28 Src/system_stm32f4xx.o
 .debug_aranges
                0x000006a0       0x28 startup/startup_stm32f407xx.o

.debug_ranges   0x00000000      0x610
 .debug_ranges  0x00000000       0xb8 Drivers/STM32F4xx_HAL_Driver/Src/stm32f4xx_hal.o
 .debug_ranges  0x000000b8       0x98 Drivers/STM32F4xx_HAL_Driver/Src/stm32f4xx_hal_cortex.o
 .debug_ranges  0x00000150       0x80 Drivers/STM32F4xx_HAL_Driver/Src/stm32f4xx_hal_dma.o
 .debug_ranges  0x000001d0       0x48 Drivers/STM32F4xx_HAL_Driver/Src/stm32f4xx_hal_gpio.o
 .debug_ranges  0x00000218       0x78 Drivers/STM32F4xx_HAL_Driver/Src/stm32f4xx_hal_rcc.o
 .debug_ranges  0x00000290      0x1b8 Drivers/STM32F4xx_HAL_Driver/Src/stm32f4xx_hal_spi.o
 .debug_ranges  0x00000448       0x38 Src/main.o
 .debug_ranges  0x00000480      0x120 Src/ssd1306.o
 .debug_ranges  0x000005a0       0x20 Src/stm32f4xx_hal_msp.o
 .debug_ranges  0x000005c0       0x18 Src/stm32f4xx_it.o
 .debug_ranges  0x000005d8       0x18 Src/system_stm32f4xx.o
 .debug_ranges  0x000005f0       0x20 startup/startup_stm32f407xx.o

.debug_macro    0x00000000    0x206c7
 .debug_macro   0x00000000      0x355 Drivers/STM32F4xx_HAL_Driver/Src/stm32f4xx_hal.o
 .debug_macro   0x00000355      0x898 Drivers/STM32F4xx_HAL_Driver/Src/stm32f4xx_hal.o
 .debug_macro   0x00000bed      0x1c1 Drivers/STM32F4xx_HAL_Driver/Src/stm32f4xx_hal.o
 .debug_macro   0x00000dae      0x17a Drivers/STM32F4xx_HAL_Driver/Src/stm32f4xx_hal.o
 .debug_macro   0x00000f28       0x33 Drivers/STM32F4xx_HAL_Driver/Src/stm32f4xx_hal.o
 .debug_macro   0x00000f5b       0x28 Drivers/STM32F4xx_HAL_Driver/Src/stm32f4xx_hal.o
 .debug_macro   0x00000f83       0x22 Drivers/STM32F4xx_HAL_Driver/Src/stm32f4xx_hal.o
 .debug_macro   0x00000fa5       0x87 Drivers/STM32F4xx_HAL_Driver/Src/stm32f4xx_hal.o
 .debug_macro   0x0000102c       0x44 Drivers/STM32F4xx_HAL_Driver/Src/stm32f4xx_hal.o
 .debug_macro   0x00001070       0xfd Drivers/STM32F4xx_HAL_Driver/Src/stm32f4xx_hal.o
 .debug_macro   0x0000116d       0x5e Drivers/STM32F4xx_HAL_Driver/Src/stm32f4xx_hal.o
 .debug_macro   0x000011cb      0x1df Drivers/STM32F4xx_HAL_Driver/Src/stm32f4xx_hal.o
 .debug_macro   0x000013aa       0x35 Drivers/STM32F4xx_HAL_Driver/Src/stm32f4xx_hal.o
 .debug_macro   0x000013df       0x50 Drivers/STM32F4xx_HAL_Driver/Src/stm32f4xx_hal.o
 .debug_macro   0x0000142f      0xe66 Drivers/STM32F4xx_HAL_Driver/Src/stm32f4xx_hal.o
 .debug_macro   0x00002295    0x15e04 Drivers/STM32F4xx_HAL_Driver/Src/stm32f4xx_hal.o
 .debug_macro   0x00018099       0x43 Drivers/STM32F4xx_HAL_Driver/Src/stm32f4xx_hal.o
 .debug_macro   0x000180dc     0x3574 Drivers/STM32F4xx_HAL_Driver/Src/stm32f4xx_hal.o
 .debug_macro   0x0001b650       0x52 Drivers/STM32F4xx_HAL_Driver/Src/stm32f4xx_hal.o
 .debug_macro   0x0001b6a2       0x35 Drivers/STM32F4xx_HAL_Driver/Src/stm32f4xx_hal.o
 .debug_macro   0x0001b6d7       0x9c Drivers/STM32F4xx_HAL_Driver/Src/stm32f4xx_hal.o
 .debug_macro   0x0001b773       0x16 Drivers/STM32F4xx_HAL_Driver/Src/stm32f4xx_hal.o
 .debug_macro   0x0001b789       0x97 Drivers/STM32F4xx_HAL_Driver/Src/stm32f4xx_hal.o
 .debug_macro   0x0001b820      0x30d Drivers/STM32F4xx_HAL_Driver/Src/stm32f4xx_hal.o
 .debug_macro   0x0001bb2d       0xfd Drivers/STM32F4xx_HAL_Driver/Src/stm32f4xx_hal.o
 .debug_macro   0x0001bc2a       0x10 Drivers/STM32F4xx_HAL_Driver/Src/stm32f4xx_hal.o
 .debug_macro   0x0001bc3a       0x52 Drivers/STM32F4xx_HAL_Driver/Src/stm32f4xx_hal.o
 .debug_macro   0x0001bc8c       0x1f Drivers/STM32F4xx_HAL_Driver/Src/stm32f4xx_hal.o
 .debug_macro   0x0001bcab       0x43 Drivers/STM32F4xx_HAL_Driver/Src/stm32f4xx_hal.o
 .debug_macro   0x0001bcee       0x20 Drivers/STM32F4xx_HAL_Driver/Src/stm32f4xx_hal.o
 .debug_macro   0x0001bd0e      0x187 Drivers/STM32F4xx_HAL_Driver/Src/stm32f4xx_hal.o
 .debug_macro   0x0001be95       0x10 Drivers/STM32F4xx_HAL_Driver/Src/stm32f4xx_hal.o
 .debug_macro   0x0001bea5       0x1c Drivers/STM32F4xx_HAL_Driver/Src/stm32f4xx_hal.o
 .debug_macro   0x0001bec1       0x52 Drivers/STM32F4xx_HAL_Driver/Src/stm32f4xx_hal.o
 .debug_macro   0x0001bf13       0x40 Drivers/STM32F4xx_HAL_Driver/Src/stm32f4xx_hal.o
 .debug_macro   0x0001bf53       0x10 Drivers/STM32F4xx_HAL_Driver/Src/stm32f4xx_hal.o
 .debug_macro   0x0001bf63       0x40 Drivers/STM32F4xx_HAL_Driver/Src/stm32f4xx_hal.o
 .debug_macro   0x0001bfa3       0xd7 Drivers/STM32F4xx_HAL_Driver/Src/stm32f4xx_hal.o
 .debug_macro   0x0001c07a       0x16 Drivers/STM32F4xx_HAL_Driver/Src/stm32f4xx_hal.o
 .debug_macro   0x0001c090      0x18b Drivers/STM32F4xx_HAL_Driver/Src/stm32f4xx_hal.o
 .debug_macro   0x0001c21b       0x50 Drivers/STM32F4xx_HAL_Driver/Src/stm32f4xx_hal.o
 .debug_macro   0x0001c26b      0x96b Drivers/STM32F4xx_HAL_Driver/Src/stm32f4xx_hal.o
 .debug_macro   0x0001cbd6      0x9e1 Drivers/STM32F4xx_HAL_Driver/Src/stm32f4xx_hal.o
 .debug_macro   0x0001d5b7      0x11e Drivers/STM32F4xx_HAL_Driver/Src/stm32f4xx_hal.o
 .debug_macro   0x0001d6d5      0x13e Drivers/STM32F4xx_HAL_Driver/Src/stm32f4xx_hal.o
 .debug_macro   0x0001d813       0x27 Drivers/STM32F4xx_HAL_Driver/Src/stm32f4xx_hal.o
 .debug_macro   0x0001d83a      0x287 Drivers/STM32F4xx_HAL_Driver/Src/stm32f4xx_hal.o
 .debug_macro   0x0001dac1       0x5f Drivers/STM32F4xx_HAL_Driver/Src/stm32f4xx_hal.o
 .debug_macro   0x0001db20      0x23a Drivers/STM32F4xx_HAL_Driver/Src/stm32f4xx_hal.o
 .debug_macro   0x0001dd5a      0x133 Drivers/STM32F4xx_HAL_Driver/Src/stm32f4xx_hal.o
 .debug_macro   0x0001de8d      0x21e Drivers/STM32F4xx_HAL_Driver/Src/stm32f4xx_hal.o
 .debug_macro   0x0001e0ab       0x2e Drivers/STM32F4xx_HAL_Driver/Src/stm32f4xx_hal.o
 .debug_macro   0x0001e0d9      0x11e Drivers/STM32F4xx_HAL_Driver/Src/stm32f4xx_hal.o
 .debug_macro   0x0001e1f7       0x7f Drivers/STM32F4xx_HAL_Driver/Src/stm32f4xx_hal.o
 .debug_macro   0x0001e276       0x89 Drivers/STM32F4xx_HAL_Driver/Src/stm32f4xx_hal.o
 .debug_macro   0x0001e2ff      0x202 Drivers/STM32F4xx_HAL_Driver/Src/stm32f4xx_hal.o
 .debug_macro   0x0001e501      0x125 Drivers/STM32F4xx_HAL_Driver/Src/stm32f4xx_hal.o
 .debug_macro   0x0001e626      0x2f5 Drivers/STM32F4xx_HAL_Driver/Src/stm32f4xx_hal_cortex.o
 .debug_macro   0x0001e91b      0x2fc Drivers/STM32F4xx_HAL_Driver/Src/stm32f4xx_hal_dma.o
 .debug_macro   0x0001ec17      0x32d Drivers/STM32F4xx_HAL_Driver/Src/stm32f4xx_hal_gpio.o
 .debug_macro   0x0001ef44      0x31f Drivers/STM32F4xx_HAL_Driver/Src/stm32f4xx_hal_rcc.o
 .debug_macro   0x0001f263      0x2fd Drivers/STM32F4xx_HAL_Driver/Src/stm32f4xx_hal_spi.o
 .debug_macro   0x0001f560      0x31e Src/main.o
 .debug_macro   0x0001f87e      0x11e Src/main.o
 .debug_macro   0x0001f99c       0x10 Src/main.o
 .debug_macro   0x0001f9ac       0x10 Src/main.o
 .debug_macro   0x0001f9bc      0x304 Src/ssd1306.o
 .debug_macro   0x0001fcc0      0x118 Src/ssd1306.o
 .debug_macro   0x0001fdd8      0x2f5 Src/stm32f4xx_hal_msp.o
 .debug_macro   0x000200cd      0x2ff Src/stm32f4xx_it.o
 .debug_macro   0x000203cc      0x2fb Src/system_stm32f4xx.o

.debug_line     0x00000000     0x75b3
 .debug_line    0x00000000      0x98c Drivers/STM32F4xx_HAL_Driver/Src/stm32f4xx_hal.o
 .debug_line    0x0000098c      0x9e9 Drivers/STM32F4xx_HAL_Driver/Src/stm32f4xx_hal_cortex.o
 .debug_line    0x00001375      0xaec Drivers/STM32F4xx_HAL_Driver/Src/stm32f4xx_hal_dma.o
 .debug_line    0x00001e61      0x963 Drivers/STM32F4xx_HAL_Driver/Src/stm32f4xx_hal_gpio.o
 .debug_line    0x000027c4      0xb09 Drivers/STM32F4xx_HAL_Driver/Src/stm32f4xx_hal_rcc.o
 .debug_line    0x000032cd     0x1157 Drivers/STM32F4xx_HAL_Driver/Src/stm32f4xx_hal_spi.o
 .debug_line    0x00004424      0x8e8 Src/main.o
 .debug_line    0x00004d0c     0x1009 Src/ssd1306.o
 .debug_line    0x00005d15      0x820 Src/stm32f4xx_hal_msp.o
 .debug_line    0x00006535      0x7fa Src/stm32f4xx_it.o
 .debug_line    0x00006d2f      0x805 Src/system_stm32f4xx.o
 .debug_line    0x00007534       0x7f startup/startup_stm32f407xx.o

.debug_str      0x00000000    0xbc2be
 .debug_str     0x00000000    0xba031 Drivers/STM32F4xx_HAL_Driver/Src/stm32f4xx_hal.o
                              0xba3ad (size before relaxing)
 .debug_str     0x000ba031      0x3b8 Drivers/STM32F4xx_HAL_Driver/Src/stm32f4xx_hal_cortex.o
                              0xba175 (size before relaxing)
 .debug_str     0x000ba3e9      0x544 Drivers/STM32F4xx_HAL_Driver/Src/stm32f4xx_hal_dma.o
                              0xb9cf5 (size before relaxing)
 .debug_str     0x000ba92d      0x292 Drivers/STM32F4xx_HAL_Driver/Src/stm32f4xx_hal_gpio.o
                              0xb9b03 (size before relaxing)
 .debug_str     0x000babbf      0x39c Drivers/STM32F4xx_HAL_Driver/Src/stm32f4xx_hal_rcc.o
                              0xb9d00 (size before relaxing)
 .debug_str     0x000baf5b      0x6c8 Drivers/STM32F4xx_HAL_Driver/Src/stm32f4xx_hal_spi.o
                              0xba0f9 (size before relaxing)
 .debug_str     0x000bb623      0x8ce Src/main.o
                              0xbac91 (size before relaxing)
 .debug_str     0x000bbef1      0x308 Src/ssd1306.o
                              0xba6cf (size before relaxing)
 .debug_str     0x000bc1f9       0x1b Src/stm32f4xx_hal_msp.o
                              0xba286 (size before relaxing)
 .debug_str     0x000bc214       0x50 Src/stm32f4xx_it.o
                              0xb99d1 (size before relaxing)
 .debug_str     0x000bc264       0x5a Src/system_stm32f4xx.o
                              0xb98eb (size before relaxing)

.comment        0x00000000       0x6e
 .comment       0x00000000       0x6e Drivers/STM32F4xx_HAL_Driver/Src/stm32f4xx_hal.o
                                 0x6f (size before relaxing)
 .comment       0x0000006e       0x6f Drivers/STM32F4xx_HAL_Driver/Src/stm32f4xx_hal_cortex.o
 .comment       0x0000006e       0x6f Drivers/STM32F4xx_HAL_Driver/Src/stm32f4xx_hal_dma.o
 .comment       0x0000006e       0x6f Drivers/STM32F4xx_HAL_Driver/Src/stm32f4xx_hal_gpio.o
 .comment       0x0000006e       0x6f Drivers/STM32F4xx_HAL_Driver/Src/stm32f4xx_hal_rcc.o
 .comment       0x0000006e       0x6f Drivers/STM32F4xx_HAL_Driver/Src/stm32f4xx_hal_spi.o
 .comment       0x0000006e       0x6f Src/main.o
 .comment       0x0000006e       0x6f Src/ssd1306.o
 .comment       0x0000006e       0x6f Src/stm32f4xx_hal_msp.o
 .comment       0x0000006e       0x6f Src/stm32f4xx_it.o
 .comment       0x0000006e       0x6f Src/system_stm32f4xx.o

.debug_frame    0x00000000     0x11dc
 .debug_frame   0x00000000      0x198 Drivers/STM32F4xx_HAL_Driver/Src/stm32f4xx_hal.o
 .debug_frame   0x00000198      0x154 Drivers/STM32F4xx_HAL_Driver/Src/stm32f4xx_hal_cortex.o
 .debug_frame   0x000002ec      0x184 Drivers/STM32F4xx_HAL_Driver/Src/stm32f4xx_hal_dma.o
 .debug_frame   0x00000470       0xc4 Drivers/STM32F4xx_HAL_Driver/Src/stm32f4xx_hal_gpio.o
 .debug_frame   0x00000534      0x150 Drivers/STM32F4xx_HAL_Driver/Src/stm32f4xx_hal_rcc.o
 .debug_frame   0x00000684      0x548 Drivers/STM32F4xx_HAL_Driver/Src/stm32f4xx_hal_spi.o
 .debug_frame   0x00000bcc       0xb4 Src/main.o
 .debug_frame   0x00000c80      0x454 Src/ssd1306.o
 .debug_frame   0x000010d4       0x6c Src/stm32f4xx_hal_msp.o
 .debug_frame   0x00001140       0x40 Src/stm32f4xx_it.o
 .debug_frame   0x00001180       0x30 Src/system_stm32f4xx.o
 .debug_frame   0x000011b0       0x2c c:/users/spinkoh/.p2/pool/plugins/fr.ac6.mcu.externaltools.arm-none.win32_1.13.2.201703061525/tools/compiler/bin/../lib/gcc/arm-none-eabi/5.4.1/../../../../arm-none-eabi/lib/armv7e-m/fpu\libc_nano.a(lib_a-init.o)
